// Jest Snapshot v1, https://goo.gl/fbAQLP

exports[`Tests on <GifGridItem /> Should render component 1`] = `
<div
  className="card animate__animated animate__fadeInUp"
>
  <img
    alt="A title"
    key="19"
    src="https://google.com/something.jpg"
  />
  <p>
    A title
  </p>
</div>
`;
